Running pair_type_twins/controls.py
{
  "status": "passed",
  "gf9_direct_complete_joint_censuses": 2,
  "sets_per_gf9_census": 84,
  "gf9_histogram": {
    "-1": 72,
    "3": 12
  },
  "permutation_null_same_histogram": true,
  "permutation_null_has_pointwise_differences": true,
  "gf49_direct_product_vs_bit_parity_checks": 2168,
  "largest_difference_witness_directly_rechecked": {
    "paley_value": 19,
    "peisert_value": -21,
    "C": [
      0,
      1,
      7,
      41,
      47,
      48
    ]
  },
  "source_sha256": {
    "controls.py": "e54b2429e658f4f653c9cf11d30efcd96ef57dbd9ad883c8a5fa00840a3f883b",
    "census_six.cpp": "21f52ad798cf7c95cae3395ff9cc16ac7dc35db19b6a04ebbe3bfcb42385e679",
    "results.json": "04e1f3c2912e6c98fab7b72845eb1886d8e29aa03a0b334a7ad03ce599ac010a"
  }
}
Running novelty/review_twins.py
{
  "date": "2026-09-05",
  "passed": true,
  "field": "F7[X]/(X^2+1)",
  "primitive_element": 9,
  "nonzero_inverses": 48,
  "ordered_row_pairs_checked": 4802,
  "matching_patterns_as_multiset": 3,
  "removed_edges": 294,
  "added_edges": 294,
  "origin_subsets_enumerated": 1712304,
  "full_subsets_certified_by_translation": 13983816,
  "histogram_and_joint_bins_exactly_match": true,
  "saved_single_witnesses_checked": 26,
  "largest_pointwise_difference": {
    "C": [
      0,
      1,
      7,
      41,
      47,
      48
    ],
    "values": [
      19,
      -21
    ]
  },
  "nonisomorphism_certificate": "Different distributions of an isomorphism-invariant six-subset kernel",
  "candidate_source_sha256": {
    "build_and_census.py": "ab7fcd9550409d7294a1609c1e8bae6443ca6b1b1395f8bafc51630207a2c27b",
    "census_six.cpp": "21f52ad798cf7c95cae3395ff9cc16ac7dc35db19b6a04ebbe3bfcb42385e679"
  },
  "review_sources_sha256": {
    "review_twins.py": "e725e7ecc44d040c4a432f0fdca66d62718491f49325da718cdf86c8dbb7032a",
    "twin_origin_census.cpp": "8f7c157871aa3190ee61587af2b55f5cefe3d20a5d03b86923e3c79955f9c055"
  },
  "results_sha256": "04e1f3c2912e6c98fab7b72845eb1886d8e29aa03a0b334a7ad03ce599ac010a"
}
Running phase_transport/verify_phase.py
101 positive verified
101 negative verified
401 positive verified
401 negative verified
1009 positive verified
1009 negative verified
Running phase_transport/review_phase_root.py
{
  "passed": true,
  "complete_complex_planes": 6,
  "fixed_H_quotients": [
    -0.877493305589021,
    -0.013022823832575223
  ]
}
Round3 verification passed; 37 artifacts pinned.
