{"case": "small", "scalar": 0, "decisions_matched": 10, "observed_shared_order_filter_seconds": 0.00014091699267737567, "earlier_reference_filter_seconds": 5.224999040365219e-05}
{"case": "small", "scalar": 1, "decisions_matched": 10, "observed_shared_order_filter_seconds": 8.129198977258056e-05, "earlier_reference_filter_seconds": 4.187499871477485e-05}
{"case": "small", "scalar": 2, "decisions_matched": 10, "observed_shared_order_filter_seconds": 4.679198900703341e-05, "earlier_reference_filter_seconds": 3.687500429805368e-05}
{"case": "small", "scalar": 3, "decisions_matched": 10, "observed_shared_order_filter_seconds": 5.729100666940212e-05, "earlier_reference_filter_seconds": 4.3374995584599674e-05}
{"case": "small", "scalar": 4, "decisions_matched": 10, "observed_shared_order_filter_seconds": 0.00023750000400468707, "earlier_reference_filter_seconds": 3.6958997952751815e-05}
{"case": "small", "scalar": 5, "decisions_matched": 10, "observed_shared_order_filter_seconds": 0.00013329199282452464, "earlier_reference_filter_seconds": 0.00022383300529327244}
{"case": "small", "scalar": 6, "decisions_matched": 7, "observed_shared_order_filter_seconds": 0.00012112499098293483, "earlier_reference_filter_seconds": 4.7874986194074154e-05}
{"case": "small", "scalar": 7, "decisions_matched": 10, "observed_shared_order_filter_seconds": 5.5665994295850396e-05, "earlier_reference_filter_seconds": 0.00011120799172203988}
{"case": "small", "scalar": 8, "decisions_matched": 10, "observed_shared_order_filter_seconds": 4.704200546257198e-05, "earlier_reference_filter_seconds": 3.9040998672135174e-05}
{"case": "small", "scalar": 9, "decisions_matched": 10, "observed_shared_order_filter_seconds": 0.00011904099665116519, "earlier_reference_filter_seconds": 3.329099854454398e-05}
{"case": "small", "scalar": 10, "decisions_matched": 10, "observed_shared_order_filter_seconds": 8.908400195650756e-05, "earlier_reference_filter_seconds": 5.5791999329812825e-05}
{"case": "small", "scalar": 11, "decisions_matched": 9, "observed_shared_order_filter_seconds": 6.424999446608126e-05, "earlier_reference_filter_seconds": 4.370800161268562e-05}
{"case": "small", "scalar": 12, "decisions_matched": 9, "observed_shared_order_filter_seconds": 4.266700125299394e-05, "earlier_reference_filter_seconds": 3.2791998819448054e-05}
{"case": "small", "scalar": 13, "decisions_matched": 10, "observed_shared_order_filter_seconds": 4.233299114275724e-05, "earlier_reference_filter_seconds": 5.587500345427543e-05}
{"case": "small", "scalar": 14, "decisions_matched": 10, "observed_shared_order_filter_seconds": 3.8291997043415904e-05, "earlier_reference_filter_seconds": 4.037498729303479e-05}
{"case": "small", "scalar": 15, "decisions_matched": 10, "observed_shared_order_filter_seconds": 9.425000462215394e-05, "earlier_reference_filter_seconds": 3.700000524986535e-05}
{"case": "small", "scalar": 16, "decisions_matched": 7, "observed_shared_order_filter_seconds": 9.566701191943139e-05, "earlier_reference_filter_seconds": 3.991700941696763e-05}
{"case": "d3_s410", "scalar": 0, "decisions_matched": 1556, "observed_shared_order_filter_seconds": 0.0056431249977322295, "earlier_reference_filter_seconds": 0.07525608300056774}
{"case": "d3_s410", "scalar": 1, "decisions_matched": 1556, "observed_shared_order_filter_seconds": 0.03387279101298191, "earlier_reference_filter_seconds": 0.044293124999967404}
{"case": "d4_s410", "scalar": 0, "decisions_matched": 6492, "observed_shared_order_filter_seconds": 0.06447145900165197, "earlier_reference_filter_seconds": 0.10564408400387038}
{"case": "d4_s410", "scalar": 1, "decisions_matched": 6492, "observed_shared_order_filter_seconds": 0.0249779169971589, "earlier_reference_filter_seconds": 1.2627843329973985}
{"case": "d5_s410", "scalar": 0, "decisions_matched": 24791, "observed_shared_order_filter_seconds": 0.3864826670032926, "earlier_reference_filter_seconds": 2.9579364160017576}
{"case": "d5_s410", "scalar": 1, "decisions_matched": 24791, "observed_shared_order_filter_seconds": 0.46446458299760707, "earlier_reference_filter_seconds": 1.5160335000109626}
{"case": "d3_s192", "scalar": 0, "decisions_matched": 11065, "observed_shared_order_filter_seconds": 0.16551274999801535, "earlier_reference_filter_seconds": 0.7902750840003137}
{"case": "d3_s192", "scalar": 1, "decisions_matched": 11065, "observed_shared_order_filter_seconds": 0.34462266699119937, "earlier_reference_filter_seconds": 0.9361662499868544}
{"case": "d4_s192", "scalar": 0, "decisions_matched": 105802, "observed_shared_order_filter_seconds": 3.149199999999837, "earlier_reference_filter_seconds": 7.972577749998891}
{"case": "d4_s192", "scalar": 1, "decisions_matched": 105782, "observed_shared_order_filter_seconds": 3.713213499999256, "earlier_reference_filter_seconds": 9.265429874998517}
{"case": "d3_s128", "scalar": 0, "decisions_matched": 27544, "observed_shared_order_filter_seconds": 0.398123332997784, "earlier_reference_filter_seconds": 3.6430962500016904}
{"case": "d3_s128", "scalar": 1, "decisions_matched": 27547, "observed_shared_order_filter_seconds": 0.8927314590109745, "earlier_reference_filter_seconds": 3.8174707919970388}
