{"name": "consecutive32", "cuts_verified": 32, "optimality_certificates": 32, "queries_replayed": 32, "full_small_codebook_oracles": 0, "queries_with_nonzero_center_shift": 32, "scalar_candidates_checked": 6484}
{"name": "alternating32", "cuts_verified": 32, "optimality_certificates": 31, "queries_replayed": 32, "full_small_codebook_oracles": 0, "queries_with_nonzero_center_shift": 32, "scalar_candidates_checked": 0}
{"name": "random32", "cuts_verified": 32, "optimality_certificates": 32, "queries_replayed": 32, "full_small_codebook_oracles": 0, "queries_with_nonzero_center_shift": 32, "scalar_candidates_checked": 0}
{"name": "p17_basic_erase0", "cuts_verified": 0, "optimality_certificates": 0, "queries_replayed": 81, "full_small_codebook_oracles": 81, "queries_with_nonzero_center_shift": 0, "scalar_candidates_checked": 81}
{"name": "p17_basic_erase1", "cuts_verified": 1, "optimality_certificates": 1, "queries_replayed": 27, "full_small_codebook_oracles": 27, "queries_with_nonzero_center_shift": 26, "scalar_candidates_checked": 55}
{"name": "p17_basic_erase2", "cuts_verified": 2, "optimality_certificates": 2, "queries_replayed": 9, "full_small_codebook_oracles": 9, "queries_with_nonzero_center_shift": 8, "scalar_candidates_checked": 55}
{"name": "p17_basic_erase3", "cuts_verified": 3, "optimality_certificates": 3, "queries_replayed": 3, "full_small_codebook_oracles": 3, "queries_with_nonzero_center_shift": 2, "scalar_candidates_checked": 43}
{"name": "p17_basic_erase4", "cuts_verified": 4, "optimality_certificates": 4, "queries_replayed": 1, "full_small_codebook_oracles": 1, "queries_with_nonzero_center_shift": 0, "scalar_candidates_checked": 17}
{"name": "p41_general_erase0", "cuts_verified": 0, "optimality_certificates": 0, "queries_replayed": 625, "full_small_codebook_oracles": 625, "queries_with_nonzero_center_shift": 0, "scalar_candidates_checked": 625}
{"name": "p41_general_erase1", "cuts_verified": 1, "optimality_certificates": 1, "queries_replayed": 125, "full_small_codebook_oracles": 125, "queries_with_nonzero_center_shift": 124, "scalar_candidates_checked": 353}
{"name": "p41_general_erase2", "cuts_verified": 2, "optimality_certificates": 2, "queries_replayed": 25, "full_small_codebook_oracles": 25, "queries_with_nonzero_center_shift": 24, "scalar_candidates_checked": 191}
{"name": "p41_general_erase3", "cuts_verified": 3, "optimality_certificates": 3, "queries_replayed": 5, "full_small_codebook_oracles": 5, "queries_with_nonzero_center_shift": 4, "scalar_candidates_checked": 137}
{"name": "p41_general_erase4", "cuts_verified": 4, "optimality_certificates": 4, "queries_replayed": 1, "full_small_codebook_oracles": 1, "queries_with_nonzero_center_shift": 0, "scalar_candidates_checked": 41}
{"name": "p97_general_erase0", "cuts_verified": 0, "optimality_certificates": 0, "queries_replayed": 625, "full_small_codebook_oracles": 625, "queries_with_nonzero_center_shift": 0, "scalar_candidates_checked": 625}
{"name": "p97_general_erase1", "cuts_verified": 1, "optimality_certificates": 1, "queries_replayed": 125, "full_small_codebook_oracles": 125, "queries_with_nonzero_center_shift": 124, "scalar_candidates_checked": 395}
{"name": "p97_general_erase2", "cuts_verified": 2, "optimality_certificates": 2, "queries_replayed": 25, "full_small_codebook_oracles": 25, "queries_with_nonzero_center_shift": 24, "scalar_candidates_checked": 393}
{"name": "p97_general_erase3", "cuts_verified": 3, "optimality_certificates": 3, "queries_replayed": 5, "full_small_codebook_oracles": 5, "queries_with_nonzero_center_shift": 4, "scalar_candidates_checked": 301}
{"name": "p97_general_erase4", "cuts_verified": 4, "optimality_certificates": 4, "queries_replayed": 1, "full_small_codebook_oracles": 1, "queries_with_nonzero_center_shift": 0, "scalar_candidates_checked": 97}
{"name": "squared_relation_erase1", "cuts_verified": 1, "optimality_certificates": 1, "queries_replayed": 32, "full_small_codebook_oracles": 32, "queries_with_nonzero_center_shift": 31, "scalar_candidates_checked": 19}
{"name": "squared_relation_erase3", "cuts_verified": 3, "optimality_certificates": 3, "queries_replayed": 7, "full_small_codebook_oracles": 7, "queries_with_nonzero_center_shift": 6, "scalar_candidates_checked": 61}
{"name": "scalar_p_erase1", "cuts_verified": 1, "optimality_certificates": 1, "queries_replayed": 34, "full_small_codebook_oracles": 34, "queries_with_nonzero_center_shift": 0, "scalar_candidates_checked": 578}
{"name": "scalar_p_erase3", "cuts_verified": 3, "optimality_certificates": 3, "queries_replayed": 17, "full_small_codebook_oracles": 17, "queries_with_nonzero_center_shift": 0, "scalar_candidates_checked": 17}
{"name": "scalar_p_squared_erase1", "cuts_verified": 1, "optimality_certificates": 1, "queries_replayed": 34, "full_small_codebook_oracles": 34, "queries_with_nonzero_center_shift": 0, "scalar_candidates_checked": 578}
{"name": "scalar_p_squared_erase3", "cuts_verified": 3, "optimality_certificates": 3, "queries_replayed": 18, "full_small_codebook_oracles": 18, "queries_with_nonzero_center_shift": 0, "scalar_candidates_checked": 17}
