Running novelty/replay_observable_certificates.py
{"passed": true, "witness_replays": 60, "census": {"p": 29, "normalized_sets": 17550, "actual_fibers": 64, "upper_realizability_gap_fibers": 2, "max_upper_gap": 23040}, "census_compared_to_saved_trades": true}
Running novelty/review_incidence.py
{"passed": true, "m6": [101790, 124830], "triangle_traces": [-1992, 4152], "weighted_graph_isomorphisms": 0}
Running novelty/review_proximity.py
{
  "date": "2026-09-05",
  "passed": true,
  "brute_force_three_coefficient_jet_systems": 256,
  "exhaustive_F3_RS31_pencils": 729,
  "saved_track_replay": {
    "stacks": 16,
    "nodes": 95,
    "tracks": 383
  },
  "scope": "Independent finite brute-force oracles and saved incidence replay, not full large-field census or Lean validation",
  "source_hashes": {
    "/Users/shawwalters/Desktop/paleygraph/tooling_lab/proximity/stack_provenance.py": "8bfc3b156b6cd76439789054f9fb322ee97a6da2b2d39e24f8e36c3188dc3575",
    "/Users/shawwalters/Desktop/paleygraph/tooling_lab/proximity/verify_artifacts.py": "dbedb8dd3d8977837f6b5a0f38aa9f25026fc0a0bbebf80a604bb2692bcfd126",
    "/Users/shawwalters/Desktop/paleygraph/tooling_lab/proximity/extension_field_probe.py": "735f9cb2fe80018adc95e97777e5f4720366b03a1324a6efda3f19ab8301127f",
    "/Users/shawwalters/Desktop/paleygraph/tooling_lab/proximity/deformation_microscope.py": "555cae6b3d85584b6a3a50c5dc1c03f9238ab585dd19b9ff1c3b891d5efd4bf7"
  }
}
Running spectral/verify_witnesses.py
101 verified False
257 verified False
401 verified True
1009 verified False
2017 verified False
4001 verified False
121 verified False
289 verified False
529 verified False
961 verified False
1849 verified False
3721 verified False
Running proximity/verify_artifacts.py
{
  "status": "passed",
  "syzygy_vectors": 13,
  "decoded_codewords": 95,
  "affine_tracks": 383
}
Running proximity/extension_field_probe.py
embedded_base_stack_q3 bad scalars 2 nodes 2 common False
embedded_base_stack_q9 bad scalars 2 nodes 2 common False
embedded_base_stack_q729 bad scalars 2 nodes 2 common False
F9_mu4_nonbase_stack bad scalars 3 nodes 3 common False
F9_mu4_correlated_control bad scalars 9 nodes 9 common True
F729_mu4_nonbase_stack bad scalars 729 nodes 729 common True
F729_mu4_noncorrelated_stack bad scalars 1 nodes 1 common False
GF729 modulus [1, 0, 0, 0, 1, 1, 1] Saved /Users/shawwalters/Desktop/paleygraph/tooling_lab/proximity/extension_results.json
All requested lab commands passed. This verifies finite artifacts, not either conjecture.
